#-----------------------------------------------------------
# Vivado v2019.1 (64-bit)
# SW Build 2552052 on Fri May 24 14:49:42 MDT 2019
# IP Build 2548770 on Fri May 24 18:01:18 MDT 2019
# Start of session at: Fri Oct 15 12:04:24 2021
# Process ID: 7552
# Current directory: C:/Users/Paula/AppData/Roaming/Xilinx/Vivado
# Command line: vivado.exe -gui_launcher_event rodinguilauncherevent8116
# Log file: C:/Users/Paula/AppData/Roaming/Xilinx/Vivado/vivado.log
# Journal file: C:/Users/Paula/AppData/Roaming/Xilinx/Vivado\vivado.jou
#-----------------------------------------------------------
start_gui
open_project C:/Users/Paula/Desktop/Lab_3/Lab_3.xpr
update_compile_order -fileset sources_1
launch_simulation
source lab2_7Seg_testbench.tcl
run 1000 ns
run 1000 ns
run 1000 ns
run 1000 ns
run 1000 ns
run 1000 ns
run 1000 ns
run 1000 ns
run 1000 ns
run 1000 ns
run 1000 ns
run 1000 ns
run 1000 ns
run 1000 ns
run 1000 ns
run 1000 ns
archive_project C:/Users/Paula/Desktop/Lab_3.xpr.zip -temp_dir C:/Users/Paula/AppData/Roaming/Xilinx/Vivado/.Xil/Vivado-7552-DESKTOP-M9TFH9O -force -include_local_ip_cache
